Request received
Image loaded: (100, 100)
Starting inference...
Inference done.
Response ready.
Request received
Request received
Image loaded: (3024, 4032)
Starting inference...
Inference done.
Response ready.
Image loaded: (3024, 4032)
Starting inference...
Inference done.
Response ready.
Request received
Request received
Image loaded: (3024, 4032)
Starting inference...
Inference done.
Response ready.
Image loaded: (3024, 4032)
Starting inference...
Inference done.
Response ready.
Request received
Image loaded: (406, 403)
Starting inference...
Inference done.
Response ready.
Request received
Image loaded: (406, 403)
Starting inference...
Inference done.
Response ready.
Request received
Image loaded: (1280, 720)
Starting inference...
Inference done.
Response ready.
Request received
Image loaded: (1280, 720)
Starting inference...
Inference done.
Response ready.
Request received
Image loaded: (1280, 720)
Starting inference...
Inference done.
Response ready.
Request received
Image loaded: (1280, 720)
Starting inference...
Inference done.
Response ready.
Request received
Image loaded: (1280, 720)
Starting inference...
Inference done.
Response ready.
Request received
Image loaded: (1280, 720)
Starting inference...
Inference done.
Response ready.
Request received
Image loaded: (3840, 2160)
Starting inference...
Inference done.
Response ready.
Request received
Image loaded: (3840, 2160)
Starting inference...
Inference done.
Response ready.
